src/components/submission/JobForm.tsx(5,10): error TS2305: Module '"lucide-react"' has no exported member 'Youtube'.
